Component: ARM Compiler 5.05 update 2 (build 169) Tool: armlink [4d0f33]

==============================================================================

Section Cross References

    main.o(i.enter_subsystem) refers to main.o(i.get_sysconfig) for get_sysconfig
    main.o(i.enter_subsystem) refers to printf8.o(i.__0printf$8) for __2printf
    main.o(i.enter_subsystem) refers to shell.o(i.shell) for shell
    main.o(i.enter_subsystem) refers to log.o(.data) for default_log_level
    main.o(i.fputc) refers to uart.o(i.Usart_SendByte) for Usart_SendByte
    main.o(i.fputc) refers to hw_config.o(i.USB_TxWrite) for USB_TxWrite
    main.o(i.fputc) refers to main.o(.data) for io_type
    main.o(i.get_sysconfig) refers to gpio.o(i.gpio_init) for gpio_init
    main.o(i.get_sysconfig) refers to gpio.o(i.gpio_read) for gpio_read
    main.o(i.get_sysconfig) refers to main.o(.data) for init
    main.o(i.main) refers to int.o(i.__local_irq_enable) for __local_irq_enable
    main.o(i.main) refers to uart.o(i.uart_init) for uart_init
    main.o(i.main) refers to main.o(i.enter_subsystem) for enter_subsystem
    main.o(i.main) refers to timer.o(i.timer_init) for timer_init
    main.o(i.main) refers to systick.o(i.SysTick_Init) for SysTick_Init
    main.o(i.main) refers to hw_config.o(i.USB_Config) for USB_Config
    main.o(i.main) refers to printf8.o(i.__0printf$8) for __2printf
    main.o(i.main) refers to main.o(i.print_chipid) for print_chipid
    main.o(i.main) refers to shell.o(i.shell) for shell
    main.o(i.main) refers to hw_config.o(i.USB_RxRead) for USB_RxRead
    main.o(i.main) refers to main.o(i.usb_vcom_handler) for usb_vcom_handler
    main.o(i.main) refers to dht11.o(i.dht11_main) for dht11_main
    main.o(i.main) refers to hcsr04.o(i.hcsr04_main) for hcsr04_main
    main.o(i.main) refers to ds18b20.o(i.ds18b20_main) for ds18b20_main
    main.o(i.main) refers to bmp180.o(i.bmp180_main) for bmp180_main
    main.o(i.main) refers to main.o(.data) for io_type
    main.o(i.main) refers to log.o(.data) for default_log_level
    main.o(i.main) refers to shell.o(.data) for shell_cmd
    main.o(i.print_chipid) refers to printf8.o(i.__0printf$8) for __2printf
    main.o(i.print_chipid) refers to log.o(.data) for default_log_level
    main.o(i.usb_vcom_handler) refers to printf8.o(i.__0printf$8) for __2printf
    main.o(i.usb_vcom_handler) refers to shell.o(i.shell) for shell
    main.o(i.usb_vcom_handler) refers to main.o(.data) for usb_recv_buf_index
    main.o(i.usb_vcom_handler) refers to main.o(.bss) for usb_recv_buf
    int.o(i.__BusFault_Handler) refers to printf8.o(i.__0printf$8) for __2printf
    int.o(i.__BusFault_Handler) refers to watchdog.o(i.watchdog_reset) for watchdog_reset
    int.o(i.__BusFault_Handler) refers to log.o(.data) for default_log_level
    int.o(i.__BusFault_Handler) refers to int.o(.constdata) for __func__
    int.o(i.__DebugMon_Handler) refers to printf8.o(i.__0printf$8) for __2printf
    int.o(i.__DebugMon_Handler) refers to log.o(.data) for default_log_level
    int.o(i.__DebugMon_Handler) refers to int.o(.constdata) for __func__
    int.o(i.__HardFault_Handler) refers to int.o(i.__local_irq_disable) for __local_irq_disable
    int.o(i.__HardFault_Handler) refers to printf8.o(i.__0printf$8) for __2printf
    int.o(i.__HardFault_Handler) refers to watchdog.o(i.watchdog_reset) for watchdog_reset
    int.o(i.__HardFault_Handler) refers to log.o(.data) for default_log_level
    int.o(i.__HardFault_Handler) refers to int.o(.constdata) for __func__
    int.o(i.__MemManage_Handler) refers to printf8.o(i.__0printf$8) for __2printf
    int.o(i.__MemManage_Handler) refers to watchdog.o(i.watchdog_reset) for watchdog_reset
    int.o(i.__MemManage_Handler) refers to log.o(.data) for default_log_level
    int.o(i.__MemManage_Handler) refers to int.o(.constdata) for __func__
    int.o(i.__NMI_Handler) refers to printf8.o(i.__0printf$8) for __2printf
    int.o(i.__NMI_Handler) refers to watchdog.o(i.watchdog_reset) for watchdog_reset
    int.o(i.__NMI_Handler) refers to log.o(.data) for default_log_level
    int.o(i.__NMI_Handler) refers to int.o(.constdata) for __func__
    int.o(i.__UsageFault_Handler) refers to printf8.o(i.__0printf$8) for __2printf
    int.o(i.__UsageFault_Handler) refers to watchdog.o(i.watchdog_reset) for watchdog_reset
    int.o(i.__UsageFault_Handler) refers to log.o(.data) for default_log_level
    int.o(i.__UsageFault_Handler) refers to int.o(.constdata) for __func__
    common.o(i.__assert) refers to printf8.o(i.__0printf$8) for __2printf
    common.o(i.__assert) refers to log.o(.data) for default_log_level
    gpio.o(i.gpio_init) refers to printf8.o(i.__0printf$8) for __2printf
    gpio.o(i.gpio_init) refers to stm32f10x_rcc.o(i.RCC_APB2PeriphClockCmd) for RCC_APB2PeriphClockCmd
    gpio.o(i.gpio_init) refers to stm32f10x_gpio.o(i.GPIO_Init) for GPIO_Init
    gpio.o(i.gpio_init) refers to log.o(.data) for default_log_level
[...]
    i.__NMI_Handler                          0x0800424c   Section        0  int.o(i.__NMI_Handler)
    i.__UsageFault_Handler                   0x08004278   Section        0  int.o(i.__UsageFault_Handler)
    i.__aeabi_errno_addr                     0x080042a4   Section        0  errno.o(i.__aeabi_errno_addr)
    i.__assert                               0x080042ac   Section        0  common.o(i.__assert)
    i.__local_irq_disable                    0x080042ec   Section        0  int.o(i.__local_irq_disable)
    i.__local_irq_enable                     0x080042f0   Section        0  int.o(i.__local_irq_enable)
    i.__scatterload_copy                     0x080042f4   Section       14  handlers.o(i.__scatterload_copy)
    i.__scatterload_null                     0x08004302   Section        2  handlers.o(i.__scatterload_null)
    i.__scatterload_zeroinit                 0x08004304   Section       14  handlers.o(i.__scatterload_zeroinit)
    i._printf_core                           0x08004314   Section        0  printf8.o(i._printf_core)
    _printf_core                             0x08004315   Thumb Code   996  printf8.o(i._printf_core)
    i._printf_post_padding                   0x08004724   Section        0  printf8.o(i._printf_post_padding)
    _printf_post_padding                     0x08004725   Thumb Code    36  printf8.o(i._printf_post_padding)
    i._printf_pre_padding                    0x08004748   Section        0  printf8.o(i._printf_pre_padding)
    _printf_pre_padding                      0x08004749   Thumb Code    46  printf8.o(i._printf_pre_padding)
    i.bmp180_main                            0x08004778   Section        0  bmp180.o(i.bmp180_main)
    i.cmd_boot                               0x08004810   Section        0  shell.o(i.cmd_boot)
    cmd_boot                                 0x08004811   Thumb Code   146  shell.o(i.cmd_boot)
    i.cmd_cksum                              0x0800490c   Section        0  shell.o(i.cmd_cksum)
    cmd_cksum                                0x0800490d   Thumb Code    80  shell.o(i.cmd_cksum)
    i.cmd_dumpb                              0x08004988   Section        0  shell.o(i.cmd_dumpb)
    cmd_dumpb                                0x08004989   Thumb Code   336  shell.o(i.cmd_dumpb)
    i.cmd_dumpw                              0x08004b18   Section        0  shell.o(i.cmd_dumpw)
    cmd_dumpw                                0x08004b19   Thumb Code   134  shell.o(i.cmd_dumpw)
    i.cmd_exec                               0x08004bd0   Section        0  shell.o(i.cmd_exec)
    cmd_exec                                 0x08004bd1   Thumb Code   124  shell.o(i.cmd_exec)
    i.cmd_find                               0x08004c84   Section        0  shell.o(i.cmd_find)
    cmd_find                                 0x08004c85   Thumb Code    88  shell.o(i.cmd_find)
    i.cmd_fmcpy                              0x08004cf8   Section        0  shell.o(i.cmd_fmcpy)
    cmd_fmcpy                                0x08004cf9   Thumb Code   104  shell.o(i.cmd_fmcpy)
    i.cmd_fmset                              0x08004da0   Section        0  shell.o(i.cmd_fmset)
    cmd_fmset                                0x08004da1   Thumb Code   196  shell.o(i.cmd_fmset)
    i.cmd_gpio                               0x08004ea0   Section        0  shell.o(i.cmd_gpio)
    cmd_gpio                                 0x08004ea1   Thumb Code   250  shell.o(i.cmd_gpio)
    i.cmd_help                               0x08005030   Section        0  shell.o(i.cmd_help)
    cmd_help                                 0x08005031   Thumb Code    52  shell.o(i.cmd_help)
    i.cmd_read                               0x08005078   Section        0  shell.o(i.cmd_read)
    cmd_read                                 0x08005079   Thumb Code    58  shell.o(i.cmd_read)
    i.cmd_systest                            0x080050d0   Section        0  shell.o(i.cmd_systest)
    cmd_systest                              0x080050d1   Thumb Code    14  shell.o(i.cmd_systest)
    i.cmd_write                              0x080050e8   Section        0  shell.o(i.cmd_write)
    cmd_write                                0x080050e9   Thumb Code    88  shell.o(i.cmd_write)
    i.cook                                   0x08005148   Section        0  shell.o(i.cook)
    i.dht11_main                             0x0800515c   Section        0  dht11.o(i.dht11_main)
    i.ds18b20_main                           0x08005200   Section        0  ds18b20.o(i.ds18b20_main)
    i.enter_subsystem                        0x08005250   Section        0  main.o(i.enter_subsystem)
    i.flash_write                            0x0800535c   Section        0  flash.o(i.flash_write)
    i.fputc                                  0x08005884   Section        0  main.o(i.fputc)
    i.get_cmd_index                          0x080058d0   Section        0  shell.o(i.get_cmd_index)
    get_cmd_index                            0x080058d1   Thumb Code    42  shell.o(i.get_cmd_index)
    i.get_cmd_index                          0x08005900   Section        0  systest.o(i.get_cmd_index)
    get_cmd_index                            0x08005901   Thumb Code    42  systest.o(i.get_cmd_index)
    i.get_sysconfig                          0x08005930   Section        0  main.o(i.get_sysconfig)
    i.get_systick                            0x08005970   Section        0  systick.o(i.get_systick)
    i.get_time                               0x080059a8   Section        0  timer.o(i.get_time)
    i.gi_get                                 0x080059b4   Section        0  shell.o(i.gi_get)
    i.gpio_init                              0x080059f0   Section        0  gpio.o(i.gpio_init)
    i.gpio_read                              0x08005aa0   Section        0  gpio.o(i.gpio_read)
    i.gpio_write                             0x08005b2c   Section        0  gpio.o(i.gpio_write)
    i.gt911_main                             0x08005bd8   Section        0  gt911.o(i.gt911_main)
    i.gt911_read_reg                         0x08005cf8   Section        0  gt911.o(i.gt911_read_reg)
    i.hcsr04                                 0x08005d9c   Section        0  hcsr04.o(i.hcsr04)
    i.hcsr04_main                            0x08005e54   Section        0  hcsr04.o(i.hcsr04_main)
    i.main                                   0x08005e64   Section        0  main.o(i.main)
    i.mdelay                                 0x080062a8   Section        0  timer.o(i.mdelay)
    i.parse_cmd                              0x080062e4   Section        0  shell.o(i.parse_cmd)
    parse_cmd                                0x080062e5   Thumb Code    98  shell.o(i.parse_cmd)
    i.print_chipid                           0x08006350   Section        0  main.o(i.print_chipid)
    i.shell                                  0x08006394   Section        0  shell.o(i.shell)
    i.sub_cmd_help                           0x0800649c   Section        0  systest.o(i.sub_cmd_help)
    sub_cmd_help                             0x0800649d   Thumb Code    52  systest.o(i.sub_cmd_help)
    i.systest                                0x080064e4   Section        0  systest.o(i.systest)
    i.test_gpio_all                          0x0800654c   Section        0  test_gpio.o(i.test_gpio_all)
    i.timer_init                             0x080066ec   Section        0  timer.o(i.timer_init)
    i.uart_init                              0x0800670c   Section        0  uart.o(i.uart_init)
    i.uart_puts                              0x08006714   Section        0  uart.o(i.uart_puts)
    i.udelay                                 0x08006728   Section        0  systick.o(i.udelay)
    i.usb_vcom_handler                       0x080067b0   Section        0  main.o(i.usb_vcom_handler)
    i.watchdog_reset                         0x0800682c   Section        0  watchdog.o(i.watchdog_reset)
    .constdata                               0x08006838   Section      113  int.o(.constdata)
    __func__                                 0x08006838   Data          14  int.o(.constdata)
    __func__                                 0x08006846   Data          20  int.o(.constdata)
    __func__                                 0x0800685a   Data          20  int.o(.constdata)
    __func__                                 0x0800686e   Data          19  int.o(.constdata)
    __func__                                 0x08006881   Data          21  int.o(.constdata)
    __func__                                 0x08006896   Data          19  int.o(.constdata)
    .constdata                               0x080068a9   Section        9  shell.o(.constdata)
    __func__                                 0x080068a9   Data           9  shell.o(.constdata)
    .constdata                               0x080068b2   Section       12  flash.o(.constdata)
    __func__                                 0x080068b2   Data          12  flash.o(.constdata)
    .constdata                               0x080068be   Section       67  bmp180.o(.constdata)
    __func__                                 0x080068be   Data          13  bmp180.o(.constdata)
    __func__                                 0x080068cb   Data          28  bmp180.o(.constdata)
    __func__                                 0x080068e7   Data          14  bmp180.o(.constdata)
    __func__                                 0x080068f5   Data          12  bmp180.o(.constdata)
    .constdata                               0x08006901   Section       13  systick.o(.constdata)
    __func__                                 0x08006901   Data          13  systick.o(.constdata)
    .constdata                               0x0800690e   Section       24  gt911.o(.constdata)
    __func__                                 0x0800690e   Data          13  gt911.o(.constdata)
    __func__                                 0x0800691b   Data          11  gt911.o(.constdata)
    .constdata                               0x08006926   Section       14  test_gpio.o(.constdata)
    __func__                                 0x08006926   Data          14  test_gpio.o(.constdata)
    .constdata                               0x08006934   Section      151  usb_desc.o(.constdata)
    .constdata                               0x080069cb   Section      129  ctype_o.o(.constdata)
    .constdata                               0x08006a4c   Section        4  ctype_o.o(.constdata)
    table                                    0x08006a4c   Data           4  ctype_o.o(.constdata)
    .conststring                             0x08006a50   Section      814  shell.o(.conststring)
    .conststring                             0x08006d80   Section        1  systest.o(.conststring)
    .data                                    0x20000000   Section      124  main.o(.data)
    init                                     0x20000078   Data           4  main.o(.data)
    .data                                    0x2000007c   Section        4  log.o(.data)
    .data                                    0x20000080   Section       16  uart.o(.data)
    i                                        0x20000088   Data           1  uart.o(.data)
    magic_cmd                                0x20000089   Data           7  uart.o(.data)
    .data                                    0x20000090   Section     1124  shell.o(.data)
    .data                                    0x200004f8   Section        8  timer.o(.data)
    .data                                    0x20000500   Section        4  dht11.o(.data)
    init                                     0x20000500   Data           4  dht11.o(.data)
    .data                                    0x20000504   Section       12  ds18b20.o(.data)
    init                                     0x2000050c   Data           4  ds18b20.o(.data)
    .data                                    0x20000510   Section       40  bmp180.o(.data)
    .data                                    0x20000538   Section       12  systick.o(.data)
    TimingDelay                              0x20000540   Data           4  systick.o(.data)
    .data                                    0x20000544   Section       12  systest.o(.data)
    .data                                    0x20000550   Section        3  usb_core.o(.data)
    .data                                    0x20000554   Section       20  usb_init.o(.data)
    .data                                    0x20000568   Section        4  usb_int.o(.data)
    .data                                    0x2000056c   Section       12  hw_config.o(.data)
    .data                                    0x20000578   Section       38  usb_desc.o(.data)
    .data                                    0x200005a0   Section        8  usb_endp.o(.data)
    txFlg                                    0x200005a0   Data           1  usb_endp.o(.data)
    FrameCount                               0x200005a4   Data           4  usb_endp.o(.data)
    .data                                    0x200005a8   Section       68  usb_istr.o(.data)
    .data                                    0x200005ec   Section      148  usb_prop.o(.data)
    .data                                    0x20000680   Section       12  usb_pwr.o(.data)
    .data                                    0x2000068c   Section       20  stm32f10x_rcc.o(.data)
    APBAHBPrescTable                         0x2000068c   Data          16  stm32f10x_rcc.o(.data)
    ADCPrescTable                            0x2000069c   Data           4  stm32f10x_rcc.o(.data)
    .data                                    0x200006a0   Section       20  system_stm32f10x.o(.data)
    .data                                    0x200006b4   Section        4  stdout.o(.data)
    .data                                    0x200006b8   Section        4  errno.o(.data)
    _errno                                   0x200006b8   Data           4  errno.o(.data)
    .bss                                     0x200006bc   Section      256  main.o(.bss)
    .bss                                     0x200007bc   Section      256  uart.o(.bss)
    .bss                                     0x200008bc   Section      128  shell.o(.bss)
    .bss                                     0x2000093c   Section     1024  flash.o(.bss)
    page                                     0x2000093c   Data        1024  flash.o(.bss)
    .bss                                     0x20000d3c   Section       28  usb_init.o(.bss)
    .bss                                     0x20000d58   Section     2608  hw_config.o(.bss)
    m_QueueUsbComRx                          0x20000d68   Data          16  hw_config.o(.bss)
    m_QueueUsbComTx                          0x20000d78   Data          16  hw_config.o(.bss)
    m_UsbComRxBuf                            0x20000d88   Data        1280  hw_config.o(.bss)
    m_UsbComTxBuf                            0x20001288   Data        1280  hw_config.o(.bss)
    .bss                                     0x20001788   Section      128  usb_endp.o(.bss)
    txBuffter                                0x20001788   Data          64  usb_endp.o(.bss)
    buffer                                   0x200017c8   Data          64  usb_endp.o(.bss)
    .bss                                     0x20001808   Section       32  usb_pwr.o(.bss)
    STACK                                    0x20001828   Section     1024  startup_stm32f10x_md.o(STACK)

    Global Symbols

    Symbol Name                              Value     Ov Type        Size  Object(Section)

    BuildAttributes$$THM_ISAv4$P$D$K$B$S$PE$A:L22UL41UL21$X:L11$S22US41US21$IEEE1$IW$USESV6$~STKCKD$USESV7$~SHL$OTIME$ROPI$EBA8$MICROLIB$REQ8$PRES8$EABIv2 0x00000000   Number         0  anon$$obj.o ABSOLUTE
    __ARM_use_no_argv                        0x00000000   Number         0  main.o ABSOLUTE
    _printf_a                                0x00000000   Number         0  stubs.o ABSOLUTE
    _printf_c                                0x00000000   Number         0  stubs.o ABSOLUTE
    _printf_charcount                        0x00000000   Number         0  stubs.o ABSOLUTE
    _printf_d                                0x00000000   Number         0  stubs.o ABSOLUTE
    _printf_e                                0x00000000   Number         0  stubs.o ABSOLUTE
    _printf_f                                0x00000000   Number         0  stubs.o ABSOLUTE
    _printf_flags                            0x00000000   Number         0  stubs.o ABSOLUTE
    _printf_fp_dec                           0x00000000   Number         0  stubs.o ABSOLUTE
    _printf_fp_hex                           0x00000000   Number         0  stubs.o ABSOLUTE
    _printf_g                                0x00000000   Number         0  stubs.o ABSOLUTE
    _printf_i                                0x00000000   Number         0  stubs.o ABSOLUTE
    _printf_int_dec                          0x00000000   Number         0  stubs.o ABSOLUTE
    _printf_l                                0x00000000   Number         0  stubs.o ABSOLUTE
    _printf_lc                               0x00000000   Number         0  stubs.o ABSOLUTE
    _printf_ll                               0x00000000   Number         0  stubs.o ABSOLUTE
    _printf_lld                              0x00000000   Number         0  stubs.o ABSOLUTE
    _printf_lli                              0x00000000   Number         0  stubs.o ABSOLUTE
    _printf_llo                              0x00000000   Number         0  stubs.o ABSOLUTE
    _printf_llu                              0x00000000   Number         0  stubs.o ABSOLUTE
    _printf_llx                              0x00000000   Number         0  stubs.o ABSOLUTE
    _printf_longlong_dec                     0x00000000   Number         0  stubs.o ABSOLUTE
    _printf_longlong_hex                     0x00000000   Number         0  stubs.o ABSOLUTE
    _printf_longlong_oct                     0x00000000   Number         0  stubs.o ABSOLUTE
    _printf_ls                               0x00000000   Number         0  stubs.o ABSOLUTE
    _printf_mbtowc                           0x00000000   Number         0  stubs.o ABSOLUTE
    _printf_n                                0x00000000   Number         0  stubs.o ABSOLUTE
    _printf_o                                0x00000000   Number         0  stubs.o ABSOLUTE
    _printf_p                                0x00000000   Number         0  stubs.o ABSOLUTE
    _printf_percent                          0x00000000   Number         0  stubs.o ABSOLUTE
    _printf_pre_padding                      0x00000000   Number         0  stubs.o ABSOLUTE
    _printf_return_value                     0x00000000   Number         0  stubs.o ABSOLUTE
    _printf_s                                0x00000000   Number         0  stubs.o ABSOLUTE
    _printf_sizespec                         0x00000000   Number         0  stubs.o ABSOLUTE
    _printf_str                              0x00000000   Number         0  stubs.o ABSOLUTE
    _printf_truncate_signed                  0x00000000   Number         0  stubs.o ABSOLUTE
    _printf_truncate_unsigned                0x00000000   Number         0  stubs.o ABSOLUTE
    _printf_u                                0x00000000   Number         0  stubs.o ABSOLUTE
    _printf_wc                               0x00000000   Number         0  stubs.o ABSOLUTE
    _printf_wctomb                           0x00000000   Number         0  stubs.o ABSOLUTE
    _printf_widthprec                        0x00000000   Number         0  stubs.o ABSOLUTE
    _printf_x                                0x00000000   Number         0  stubs.o ABSOLUTE
    __cpp_initialize__aeabi_                  - Undefined Weak Reference
    __cxa_finalize                            - Undefined Weak Reference
    _clock_init                               - Undefined Weak Reference
    _microlib_exit                            - Undefined Weak Reference
    __Vectors_Size                           0x000000ec   Number         0  startup_stm32f10x_md.o ABSOLUTE
    Image$$RW_IRAM1$$Length                  0x000006bc   Number         0  anon$$obj.o ABSOLUTE
    Image$$ER_IROM1$$Length                  0x00006da4   Number         0  anon$$obj.o ABSOLUTE
    Image$$ER_IROM1$$Base                    0x08000000   Number         0  anon$$obj.o ABSOLUTE
    Load$$ER_IROM1$$Base                     0x08000000   Number         0  anon$$obj.o ABSOLUTE
    __Vectors                                0x08000000   Data           4  startup_stm32f10x_md.o(RESET)
    __Vectors_End                            0x080000ec   Data           0  startup_stm32f10x_md.o(RESET)
    __main                                   0x080000ed   Thumb Code     0  entry.o(.ARM.Collect$$$$00000000)
    _main_stk                                0x080000ed   Thumb Code     0  entry2.o(.ARM.Collect$$$$00000001)
    _main_scatterload                        0x080000f1   Thumb Code     0  entry5.o(.ARM.Collect$$$$00000004)
    __main_after_scatterload                 0x080000f5   Thumb Code     0  entry5.o(.ARM.Collect$$$$00000004)
    _main_clock                              0x080000f5   Thumb Code     0  entry7b.o(.ARM.Collect$$$$00000008)
    _main_cpp_init                           0x080000f5   Thumb Code     0  entry8b.o(.ARM.Collect$$$$0000000A)
    _main_init                               0x080000f5   Thumb Code     0  entry9a.o(.ARM.Collect$$$$0000000B)
    __rt_final_cpp                           0x080000fd   Thumb Code     0  entry10a.o(.ARM.Collect$$$$0000000D)
    __rt_final_exit                          0x080000fd   Thumb Code     0  entry11a.o(.ARM.Collect$$$$0000000F)
    Reset_Handler                            0x08000101   Thumb Code     8  startup_stm32f10x_md.o(.text)
    NMI_Handler                              0x08000109   Thumb Code     6  startup_stm32f10x_md.o(.text)
    HardFault_Handler                        0x0800010f   Thumb Code    12  startup_stm32f10x_md.o(.text)
    MemManage_Handler                        0x0800011b   Thumb Code     6  startup_stm32f10x_md.o(.text)
    BusFault_Handler                         0x08000121   Thumb Code     6  startup_stm32f10x_md.o(.text)
    UsageFault_Handler                       0x08000127   Thumb Code     6  startup_stm32f10x_md.o(.text)
    SVC_Handler                              0x0800012d   Thumb Code     2  startup_stm32f10x_md.o(.text)
    DebugMon_Handler                         0x0800012f   Thumb Code     6  startup_stm32f10x_md.o(.text)
    PendSV_Handler                           0x08000135   Thumb Code     2  startup_stm32f10x_md.o(.text)
    ADC1_2_IRQHandler                        0x08000139   Thumb Code     0  startup_stm32f10x_md.o(.text)
    CAN1_RX1_IRQHandler                      0x08000139   Thumb Code     0  startup_stm32f10x_md.o(.text)
    CAN1_SCE_IRQHandler                      0x08000139   Thumb Code     0  startup_stm32f10x_md.o(.text)
    DMA1_Channel1_IRQHandler                 0x08000139   Thumb Code     0  startup_stm32f10x_md.o(.text)
    DMA1_Channel2_IRQHandler                 0x08000139   Thumb Code     0  startup_stm32f10x_md.o(.text)
    DMA1_Channel3_IRQHandler                 0x08000139   Thumb Code     0  startup_stm32f10x_md.o(.text)
    DMA1_Channel4_IRQHandler                 0x08000139   Thumb Code     0  startup_stm32f10x_md.o(.text)
    DMA1_Channel5_IRQHandler                 0x08000139   Thumb Code     0  startup_stm32f10x_md.o(.text)
    DMA1_Channel6_IRQHandler                 0x08000139   Thumb Code     0  startup_stm32f10x_md.o(.text)
    DMA1_Channel7_IRQHandler                 0x08000139   Thumb Code     0  startup_stm32f10x_md.o(.text)
    EXTI0_IRQHandler                         0x08000139   Thumb Code     0  startup_stm32f10x_md.o(.text)
    EXTI15_10_IRQHandler                     0x08000139   Thumb Code     0  startup_stm32f10x_md.o(.text)
    EXTI1_IRQHandler                         0x08000139   Thumb Code     0  startup_stm32f10x_md.o(.text)
    EXTI2_IRQHandler                         0x08000139   Thumb Code     0  startup_stm32f10x_md.o(.text)
    EXTI3_IRQHandler                         0x08000139   Thumb Code     0  startup_stm32f10x_md.o(.text)
    EXTI4_IRQHandler                         0x08000139   Thumb Code     0  startup_stm32f10x_md.o(.text)
    EXTI9_5_IRQHandler                       0x08000139   Thumb Code     0  startup_stm32f10x_md.o(.text)
    FLASH_IRQHandler                         0x08000139   Thumb Code     0  startup_stm32f10x_md.o(.text)
    I2C1_ER_IRQHandler                       0x08000139   Thumb Code     0  startup_stm32f10x_md.o(.text)
    I2C1_EV_IRQHandler                       0x08000139   Thumb Code     0  startup_stm32f10x_md.o(.text)
    I2C2_ER_IRQHandler                       0x08000139   Thumb Code     0  startup_stm32f10x_md.o(.text)
    I2C2_EV_IRQHandler                       0x08000139   Thumb Code     0  startup_stm32f10x_md.o(.text)
    PVD_IRQHandler                           0x08000139   Thumb Code     0  startup_stm32f10x_md.o(.text)
    RCC_IRQHandler                           0x08000139   Thumb Code     0  startup_stm32f10x_md.o(.text)
    RTCAlarm_IRQHandler                      0x08000139   Thumb Code     0  startup_stm32f10x_md.o(.text)
    RTC_IRQHandler                           0x08000139   Thumb Code     0  startup_stm32f10x_md.o(.text)
    SPI1_IRQHandler                          0x08000139   Thumb Code     0  startup_stm32f10x_md.o(.text)
    SPI2_IRQHandler                          0x08000139   Thumb Code     0  startup_stm32f10x_md.o(.text)
    TAMPER_IRQHandler                        0x08000139   Thumb Code     0  startup_stm32f10x_md.o(.text)
    TIM1_BRK_IRQHandler                      0x08000139   Thumb Code     0  startup_stm32f10x_md.o(.text)
    TIM1_CC_IRQHandler                       0x08000139   Thumb Code     0  startup_stm32f10x_md.o(.text)
    TIM1_TRG_COM_IRQHandler                  0x08000139   Thumb Code     0  startup_stm32f10x_md.o(.text)
    TIM2_IRQHandler                          0x08000139   Thumb Code     0  startup_stm32f10x_md.o(.text)
    TIM3_IRQHandler                          0x08000139   Thumb Code     0  startup_stm32f10x_md.o(.text)
    TIM4_IRQHandler                          0x08000139   Thumb Code     0  startup_stm32f10x_md.o(.text)
    USART1_IRQHandler                        0x08000139   Thumb Code     0  startup_stm32f10x_md.o(.text)
    USART3_IRQHandler                        0x08000139   Thumb Code     0  startup_stm32f10x_md.o(.text)
    USB_HP_CAN1_TX_IRQHandler                0x08000139   Thumb Code     0  startup_stm32f10x_md.o(.text)
    WWDG_IRQHandler                          0x08000139   Thumb Code     0  startup_stm32f10x_md.o(.text)
    __aeabi_uldivmod                         0x0800015d   Thumb Code    98  uldiv.o(.text)
    __aeabi_memset                           0x080001bf   Thumb Code    14  memseta.o(.text)
    __aeabi_memset4                          0x080001bf   Thumb Code     0  memseta.o(.text)
    __aeabi_memset8                          0x080001bf   Thumb Code     0  memseta.o(.text)
    __aeabi_memclr                           0x080001cd   Thumb Code     4  memseta.o(.text)
    __aeabi_memclr4                          0x080001cd   Thumb Code     0  memseta.o(.text)
    __aeabi_memclr8                          0x080001cd   Thumb Code     0  memseta.o(.text)
    _memset$wrapper                          0x080001d1   Thumb Code    18  memseta.o(.text)
    strlen                                   0x080001e3   Thumb Code    14  strlen.o(.text)
    strcmp                                   0x080001f1   Thumb Code    28  strcmp.o(.text)
    strtoul                                  0x0800020d   Thumb Code   114  strtoul.o(.text)
    __aeabi_dmul                             0x0800027f   Thumb Code   228  dmul.o(.text)
    __aeabi_ddiv                             0x08000363   Thumb Code   222  ddiv.o(.text)
    __aeabi_i2d                              0x08000441   Thumb Code    34  dflti.o(.text)
    __aeabi_d2iz                             0x08000463   Thumb Code    62  dfixi.o(.text)
    __aeabi_llsl                             0x080004a1   Thumb Code    30  llshl.o(.text)
    _ll_shift_l                              0x080004a1   Thumb Code     0  llshl.o(.text)
    __aeabi_llsr                             0x080004bf   Thumb Code    32  llushr.o(.text)
    _ll_ushift_r                             0x080004bf   Thumb Code     0  llushr.o(.text)
    __rt_ctype_table                         0x080004e1   Thumb Code     4  ctype_o.o(.text)
    _strtoul                                 0x080004e9   Thumb Code   158  _strtoul.o(.text)
    __I$use$fp                               0x08000587   Thumb Code     0  iusefp.o(.text)
    _double_round                            0x08000587   Thumb Code    30  depilogue.o(.text)
    _double_epilogue                         0x080005a5   Thumb Code   156  depilogue.o(.text)
    __scatterload                            0x08000641   Thumb Code    28  init.o(.text)
    __scatterload_rt2                        0x08000641   Thumb Code     0  init.o(.text)
    _chval                                   0x08000665   Thumb Code    28  _chval.o(.text)
    __decompress                             0x08000681   Thumb Code     0  __dclz77c.o(.text)
    __decompress2                            0x08000681   Thumb Code    94  __dclz77c.o(.text)
    BMP180_ReadOneByte                       0x0800075b   Thumb Code    58  bmp180.o(i.BMP180_ReadOneByte)
    BMP180_ReadTwoByte                       0x08000795   Thumb Code    84  bmp180.o(i.BMP180_ReadTwoByte)
    ByteSwap                                 0x080007e9   Thumb Code    12  usb_regs.o(i.ByteSwap)
    CTR_LP                                   0x080007f5   Thumb Code   616  usb_int.o(i.CTR_LP)
    ClearDTOG_RX                             0x08000a7d   Thumb Code    48  usb_regs.o(i.ClearDTOG_RX)
    ClearDTOG_TX                             0x08000ab1   Thumb Code    48  usb_regs.o(i.ClearDTOG_TX)
    Clear_Status_Out                         0x08000ae5   Thumb Code    34  usb_regs.o(i.Clear_Status_Out)
    Convert_UncompensatedToTrue              0x08000b0d   Thumb Code   382  bmp180.o(i.Convert_UncompensatedToTrue)
    DHT11_Init                               0x08000d19   Thumb Code    16  dht11.o(i.DHT11_Init)
    DHT11_Read_TempAndHumidity               0x08000dcd   Thumb Code   154  dht11.o(i.DHT11_Read_TempAndHumidity)
    DS18B20_GetTemp                          0x08000e99   Thumb Code   116  ds18b20.o(i.DS18B20_GetTemp)
    DS18B20_Init                             0x08000f11   Thumb Code    86  ds18b20.o(i.DS18B20_Init)
    DS18B20_ReadId                           0x080010bb   Thumb Code    30  ds18b20.o(i.DS18B20_ReadId)
    EP1_IN_Callback                          0x08001575   Thumb Code    66  usb_endp.o(i.EP1_IN_Callback)
    EP3_OUT_Callback                         0x080015c5   Thumb Code    28  usb_endp.o(i.EP3_OUT_Callback)
    EXTI_ClearITPendingBit                   0x080015e5   Thumb Code     6  stm32f10x_exti.o(i.EXTI_ClearITPendingBit)
    EXTI_Init                                0x080015f1   Thumb Code   142  stm32f10x_exti.o(i.EXTI_Init)
    FLASH_ClearFlag                          0x08001685   Thumb Code     6  stm32f10x_flash.o(i.FLASH_ClearFlag)
    FLASH_ErasePage                          0x08001691   Thumb Code    72  stm32f10x_flash.o(i.FLASH_ErasePage)
    FLASH_GetBank1Status                     0x080016dd   Thumb Code    48  stm32f10x_flash.o(i.FLASH_GetBank1Status)
    FLASH_Lock                               0x08001711   Thumb Code    14  stm32f10x_flash.o(i.FLASH_Lock)
    FLASH_ProgramWord                        0x08001725   Thumb Code   102  stm32f10x_flash.o(i.FLASH_ProgramWord)
    FLASH_Unlock                             0x08001791   Thumb Code    12  stm32f10x_flash.o(i.FLASH_Unlock)
    FLASH_WaitForLastOperation               0x080017a9   Thumb Code    38  stm32f10x_flash.o(i.FLASH_WaitForLastOperation)
    GPIO_Init                                0x080017cf   Thumb Code   278  stm32f10x_gpio.o(i.GPIO_Init)
    GPIO_ReadInputDataBit                    0x080018e5   Thumb Code    18  stm32f10x_gpio.o(i.GPIO_ReadInputDataBit)
    GPIO_ResetBits                           0x080018f7   Thumb Code     4  stm32f10x_gpio.o(i.GPIO_ResetBits)
    GPIO_SetBits                             0x080018fb   Thumb Code     4  stm32f10x_gpio.o(i.GPIO_SetBits)
    GetEPRxAddr                              0x08001901   Thumb Code    24  usb_regs.o(i.GetEPRxAddr)
    GetEPRxCount                             0x08001921   Thumb Code    26  usb_regs.o(i.GetEPRxCount)
    GetEPTxAddr                              0x08001945   Thumb Code    22  usb_regs.o(i.GetEPTxAddr)
    Get_BMP180UP                             0x08001965   Thumb Code    50  bmp180.o(i.Get_BMP180UP)
    Get_BMP180UT                             0x080019a9   Thumb Code    46  bmp180.o(i.Get_BMP180UT)
    Get_SerialNum                            0x080019e9   Thumb Code    42  hw_config.o(i.Get_SerialNum)
    IIC_PortInit                             0x08001a1d   Thumb Code    42  bmp180.o(i.IIC_PortInit)
    IIC_ReadByte                             0x08001a7d   Thumb Code    82  bmp180.o(i.IIC_ReadByte)
    IIC_ReceiveACK                           0x08001b31   Thumb Code    60  bmp180.o(i.IIC_ReceiveACK)
    IIC_SDAIntput                            0x08001bb5   Thumb Code    38  gt911.o(i.IIC_SDAIntput)
    IIC_SDAOutput                            0x08001be1   Thumb Code    38  gt911.o(i.IIC_SDAOutput)
    IIC_SendACK                              0x08001c0d   Thumb Code    58  bmp180.o(i.IIC_SendACK)
    IIC_SendByte                             0x08001c99   Thumb Code   126  bmp180.o(i.IIC_SendByte)
    IIC_Start                                0x08001dcd   Thumb Code    46  bmp180.o(i.IIC_Start)
    IIC_Stop                                 0x08001e39   Thumb Code    46  bmp180.o(i.IIC_Stop)
    IWDG_Config                              0x08001ea5   Thumb Code    36  watchdog.o(i.IWDG_Config)
    IWDG_Enable                              0x08001ec9   Thumb Code    10  stm32f10x_iwdg.o(i.IWDG_Enable)
    IWDG_ReloadCounter                       0x08001ed9   Thumb Code    10  stm32f10x_iwdg.o(i.IWDG_ReloadCounter)
    IWDG_SetPrescaler                        0x08001ee9   Thumb Code     6  stm32f10x_iwdg.o(i.IWDG_SetPrescaler)
    IWDG_SetReload                           0x08001ef5   Thumb Code     6  stm32f10x_iwdg.o(i.IWDG_SetReload)
    IWDG_WriteAccessCmd                      0x08001f01   Thumb Code     6  stm32f10x_iwdg.o(i.IWDG_WriteAccessCmd)
    In0_Process                              0x08001f0d   Thumb Code    98  usb_core.o(i.In0_Process)
    Leave_LowPowerMode                       0x08001fbd   Thumb Code    22  hw_config.o(i.Leave_LowPowerMode)
    NOP_Process                              0x08001fdd   Thumb Code     2  usb_core.o(i.NOP_Process)
    NVIC_Init                                0x08002005   Thumb Code   100  misc.o(i.NVIC_Init)
    NVIC_PriorityGroupConfig                 0x08002075   Thumb Code    10  misc.o(i.NVIC_PriorityGroupConfig)
    Out0_Process                             0x080021c1   Thumb Code    70  usb_core.o(i.Out0_Process)
    PMAToUserBufferCopy                      0x08002211   Thumb Code    34  usb_mem.o(i.PMAToUserBufferCopy)
    Post0_Process                            0x08002239   Thumb Code    54  usb_core.o(i.Post0_Process)
    PowerOn                                  0x08002281   Thumb Code    54  usb_pwr.o(i.PowerOn)
    QUEUE_PacketCreate                       0x080022c1   Thumb Code    14  queue.o(i.QUEUE_PacketCreate)
    QUEUE_PacketIn                           0x080022cf   Thumb Code    60  queue.o(i.QUEUE_PacketIn)
    QUEUE_PacketOut                          0x0800230b   Thumb Code    58  queue.o(i.QUEUE_PacketOut)
    RCC_APB1PeriphClockCmd                   0x08002345   Thumb Code    26  stm32f10x_rcc.o(i.RCC_APB1PeriphClockCmd)
    RCC_APB2PeriphClockCmd                   0x08002365   Thumb Code    26  stm32f10x_rcc.o(i.RCC_APB2PeriphClockCmd)
    RCC_GetClocksFreq                        0x08002385   Thumb Code   192  stm32f10x_rcc.o(i.RCC_GetClocksFreq)
    RCC_USBCLKConfig                         0x08002459   Thumb Code     6  stm32f10x_rcc.o(i.RCC_USBCLKConfig)
    Read_CalibrationData                     0x08002465   Thumb Code   350  bmp180.o(i.Read_CalibrationData)
    Resume                                   0x08002679   Thumb Code   194  usb_pwr.o(i.Resume)
    Resume_Init                              0x08002749   Thumb Code    30  usb_pwr.o(i.Resume_Init)
    SOF_Callback                             0x0800276d   Thumb Code    84  usb_endp.o(i.SOF_Callback)
    SetBTABLE                                0x080027d1   Thumb Code    12  usb_regs.o(i.SetBTABLE)
    SetDeviceAddress                         0x080027e1   Thumb Code    68  usb_core.o(i.SetDeviceAddress)
    SetEPRxAddr                              0x08002831   Thumb Code    26  usb_regs.o(i.SetEPRxAddr)
    SetEPRxCount                             0x08002855   Thumb Code    68  usb_regs.o(i.SetEPRxCount)
    SetEPRxStatus                            0x080028a1   Thumb Code    60  usb_regs.o(i.SetEPRxStatus)
    SetEPRxValid                             0x080028e1   Thumb Code    48  usb_regs.o(i.SetEPRxValid)
    SetEPTxAddr                              0x08002915   Thumb Code    24  usb_regs.o(i.SetEPTxAddr)
    SetEPTxCount                             0x08002935   Thumb Code    20  usb_regs.o(i.SetEPTxCount)
    SetEPTxStatus                            0x08002951   Thumb Code    60  usb_regs.o(i.SetEPTxStatus)
    SetEPTxValid                             0x08002991   Thumb Code    48  usb_regs.o(i.SetEPTxValid)
    SetEPType                                0x080029c5   Thumb Code    32  usb_regs.o(i.SetEPType)
    Set_System                               0x08002ad1   Thumb Code    94  hw_config.o(i.Set_System)
    Set_USBClock                             0x08002b49   Thumb Code    18  hw_config.o(i.Set_USBClock)
    Setup0_Process                           0x08002b5d   Thumb Code   170  usb_core.o(i.Setup0_Process)
    Standard_ClearFeature                    0x08002c15   Thumb Code   342  usb_core.o(i.Standard_ClearFeature)
    Standard_GetConfiguration                0x08002d81   Thumb Code    34  usb_core.o(i.Standard_GetConfiguration)
    Standard_GetDescriptorData               0x08002dad   Thumb Code    32  usb_core.o(i.Standard_GetDescriptorData)
    Standard_GetInterface                    0x08002dd1   Thumb Code    34  usb_core.o(i.Standard_GetInterface)
    Standard_GetStatus                       0x08002dfd   Thumb Code   238  usb_core.o(i.Standard_GetStatus)
    Standard_SetConfiguration                0x08002efd   Thumb Code    60  usb_core.o(i.Standard_SetConfiguration)
    Standard_SetDeviceFeature                0x08002f45   Thumb Code    30  usb_core.o(i.Standard_SetDeviceFeature)
    Standard_SetEndPointFeature              0x08002f6d   Thumb Code   192  usb_core.o(i.Standard_SetEndPointFeature)
    Standard_SetInterface                    0x0800303d   Thumb Code    96  usb_core.o(i.Standard_SetInterface)
    Suspend                                  0x080030a9   Thumb Code   238  usb_pwr.o(i.Suspend)
    SysTick_Handler                          0x080031ad   Thumb Code    22  systick.o(i.SysTick_Handler)
    SysTick_Init                             0x080031cd   Thumb Code   114  systick.o(i.SysTick_Init)
    SystemInit                               0x0800326d   Thumb Code    78  system_stm32f10x.o(i.SystemInit)
    TIM1_UP_IRQHandler                       0x080032cd   Thumb Code   100  timer.o(i.TIM1_UP_IRQHandler)
    TIM_ClearFlag                            0x08003339   Thumb Code     6  stm32f10x_tim.o(i.TIM_ClearFlag)
    TIM_ClearITPendingBit                    0x0800333f   Thumb Code     6  stm32f10x_tim.o(i.TIM_ClearITPendingBit)
    TIM_Cmd                                  0x08003345   Thumb Code    24  stm32f10x_tim.o(i.TIM_Cmd)
    TIM_GetITStatus                          0x0800335d   Thumb Code    34  stm32f10x_tim.o(i.TIM_GetITStatus)
    TIM_ITConfig                             0x0800337f   Thumb Code    18  stm32f10x_tim.o(i.TIM_ITConfig)
    TIM_TimeBaseInit                         0x08003391   Thumb Code   122  stm32f10x_tim.o(i.TIM_TimeBaseInit)
    USART2_IRQHandler                        0x08003435   Thumb Code   242  uart.o(i.USART2_IRQHandler)
    USART_Cmd                                0x080035d5   Thumb Code    24  stm32f10x_usart.o(i.USART_Cmd)
    USART_Config                             0x080035ed   Thumb Code   132  uart.o(i.USART_Config)
    USART_GetFlagStatus                      0x08003679   Thumb Code    26  stm32f10x_usart.o(i.USART_GetFlagStatus)
    USART_ITConfig                           0x08003693   Thumb Code    74  stm32f10x_usart.o(i.USART_ITConfig)
    USART_Init                               0x080036dd   Thumb Code   210  stm32f10x_usart.o(i.USART_Init)
    USART_ReceiveData                        0x080037b5   Thumb Code    10  stm32f10x_usart.o(i.USART_ReceiveData)
    USART_SendData                           0x080037bf   Thumb Code     8  stm32f10x_usart.o(i.USART_SendData)
    USBWakeUp_IRQHandler                     0x080037c7   Thumb Code    12  usb_it.o(i.USBWakeUp_IRQHandler)
    USB_Cable_Config                         0x080037d3   Thumb Code     2  hw_config.o(i.USB_Cable_Config)
    USB_Config                               0x080037d5   Thumb Code    20  hw_config.o(i.USB_Config)
    USB_Init                                 0x080037e9   Thumb Code    36  usb_init.o(i.USB_Init)
    USB_Interrupts_Config                    0x08003825   Thumb Code    52  hw_config.o(i.USB_Interrupts_Config)
    USB_Istr                                 0x08003859   Thumb Code   426  usb_istr.o(i.USB_Istr)
    USB_LP_CAN1_RX0_IRQHandler               0x08003a29   Thumb Code     8  usb_it.o(i.USB_LP_CAN1_RX0_IRQHandler)
    USB_RxRead                               0x08003a31   Thumb Code    18  hw_config.o(i.USB_RxRead)
    USB_RxWrite                              0x08003a49   Thumb Code    18  hw_config.o(i.USB_RxWrite)
    USB_SIL_Init                             0x08003a61   Thumb Code    28  usb_sil.o(i.USB_SIL_Init)
    USB_SIL_Read                             0x08003a85   Thumb Code    46  usb_sil.o(i.USB_SIL_Read)
    USB_TxRead                               0x08003ab5   Thumb Code    18  hw_config.o(i.USB_TxRead)
    USB_TxWrite                              0x08003acd   Thumb Code    18  hw_config.o(i.USB_TxWrite)
    Usart_SendByte                           0x08003ae5   Thumb Code    56  uart.o(i.Usart_SendByte)
    Usart_SendString                         0x08003b1d   Thumb Code    42  uart.o(i.Usart_SendString)
    UserToPMABufferCopy                      0x08003b49   Thumb Code    52  usb_mem.o(i.UserToPMABufferCopy)
    Virtual_Com_Port_Data_Setup              0x08003b81   Thumb Code    82  usb_prop.o(i.Virtual_Com_Port_Data_Setup)
    Virtual_Com_Port_GetConfigDescriptor     0x08003be5   Thumb Code    14  usb_prop.o(i.Virtual_Com_Port_GetConfigDescriptor)
    Virtual_Com_Port_GetDeviceDescriptor     0x08003bf9   Thumb Code    14  usb_prop.o(i.Virtual_Com_Port_GetDeviceDescriptor)
    Virtual_Com_Port_GetLineCoding           0x08003c0d   Thumb Code    20  usb_prop.o(i.Virtual_Com_Port_GetLineCoding)
    Virtual_Com_Port_GetStringDescriptor     0x08003c29   Thumb Code    32  usb_prop.o(i.Virtual_Com_Port_GetStringDescriptor)
    Virtual_Com_Port_Get_Interface_Setting   0x08003c51   Thumb Code    22  usb_prop.o(i.Virtual_Com_Port_Get_Interface_Setting)
    Virtual_Com_Port_NoData_Setup            0x08003c69   Thumb Code    36  usb_prop.o(i.Virtual_Com_Port_NoData_Setup)
    Virtual_Com_Port_Reset                   0x08003c91   Thumb Code   216  usb_prop.o(i.Virtual_Com_Port_Reset)
    Virtual_Com_Port_SetConfiguration        0x08003d79   Thumb Code    14  usb_prop.o(i.Virtual_Com_Port_SetConfiguration)
    Virtual_Com_Port_SetDeviceAddress        0x08003d91   Thumb Code     8  usb_prop.o(i.Virtual_Com_Port_SetDeviceAddress)
    Virtual_Com_Port_SetLineCoding           0x08003d9d   Thumb Code    20  usb_prop.o(i.Virtual_Com_Port_SetLineCoding)
    Virtual_Com_Port_Status_In               0x08003db9   Thumb Code    16  usb_prop.o(i.Virtual_Com_Port_Status_In)
    Virtual_Com_Port_Status_Out              0x08003dcd   Thumb Code     2  usb_prop.o(i.Virtual_Com_Port_Status_Out)
    Virtual_Com_Port_init                    0x08003dd1   Thumb Code    30  usb_prop.o(i.Virtual_Com_Port_init)
    Write_OneByteToBMP180                    0x08003df9   Thumb Code    34  bmp180.o(i.Write_OneByteToBMP180)
    __0printf$8                              0x08003e1d   Thumb Code    22  printf8.o(i.__0printf$8)
    __1printf$8                              0x08003e1d   Thumb Code     0  printf8.o(i.__0printf$8)
    __2printf                                0x08003e1d   Thumb Code     0  printf8.o(i.__0printf$8)
    __BusFault_Handler                       0x08003e3d   Thumb Code    28  int.o(i.__BusFault_Handler)
    __DebugMon_Handler                       0x08003e69   Thumb Code    24  int.o(i.__DebugMon_Handler)
    __HardFault_Handler                      0x08003e91   Thumb Code   508  int.o(i.__HardFault_Handler)
    __MemManage_Handler                      0x08004221   Thumb Code    28  int.o(i.__MemManage_Handler)
    __NMI_Handler                            0x0800424d   Thumb Code    28  int.o(i.__NMI_Handler)
    __UsageFault_Handler                     0x08004279   Thumb Code    28  int.o(i.__UsageFault_Handler)
    __aeabi_errno_addr                       0x080042a5   Thumb Code     4  errno.o(i.__aeabi_errno_addr)
    __rt_errno_addr                          0x080042a5   Thumb Code     0  errno.o(i.__aeabi_errno_addr)
    __assert                                 0x080042ad   Thumb Code    38  common.o(i.__assert)
    __local_irq_disable                      0x080042ed   Thumb Code     4  int.o(i.__local_irq_disable)
    __local_irq_enable                       0x080042f1   Thumb Code     4  int.o(i.__local_irq_enable)
    __scatterload_copy                       0x080042f5   Thumb Code    14  handlers.o(i.__scatterload_copy)
    __scatterload_null                       0x08004303   Thumb Code     2  handlers.o(i.__scatterload_null)
    __scatterload_zeroinit                   0x08004305   Thumb Code    14  handlers.o(i.__scatterload_zeroinit)
    bmp180_main                              0x08004779   Thumb Code   106  bmp180.o(i.bmp180_main)
    cook                                     0x08005149   Thumb Code    18  shell.o(i.cook)
    dht11_main                               0x0800515d   Thumb Code    90  dht11.o(i.dht11_main)
    ds18b20_main                             0x08005201   Thumb Code    52  ds18b20.o(i.ds18b20_main)
    enter_subsystem                          0x08005251   Thumb Code   130  main.o(i.enter_subsystem)
    flash_write                              0x0800535d   Thumb Code   984  flash.o(i.flash_write)
    fputc                                    0x08005885   Thumb Code    68  main.o(i.fputc)
    get_sysconfig                            0x08005931   Thumb Code    60  main.o(i.get_sysconfig)
    get_systick                              0x08005971   Thumb Code    42  systick.o(i.get_systick)
    get_time                                 0x080059a9   Thumb Code     8  timer.o(i.get_time)
    gi_get                                   0x080059b5   Thumb Code    54  shell.o(i.gi_get)
    gpio_init                                0x080059f1   Thumb Code   128  gpio.o(i.gpio_init)
    gpio_read                                0x08005aa1   Thumb Code    90  gpio.o(i.gpio_read)
    gpio_write                               0x08005b2d   Thumb Code   124  gpio.o(i.gpio_write)
    gt911_main                               0x08005bd9   Thumb Code   222  gt911.o(i.gt911_main)
    gt911_read_reg                           0x08005cf9   Thumb Code   132  gt911.o(i.gt911_read_reg)
    hcsr04                                   0x08005d9d   Thumb Code   158  hcsr04.o(i.hcsr04)
    hcsr04_main                              0x08005e55   Thumb Code    14  hcsr04.o(i.hcsr04_main)
    main                                     0x08005e65   Thumb Code   544  main.o(i.main)
    mdelay                                   0x080062a9   Thumb Code    52  timer.o(i.mdelay)
    print_chipid                             0x08006351   Thumb Code    42  main.o(i.print_chipid)
    shell                                    0x08006395   Thumb Code   192  shell.o(i.shell)
    systest                                  0x080064e5   Thumb Code    70  systest.o(i.systest)
    test_gpio_all                            0x0800654d   Thumb Code   294  test_gpio.o(i.test_gpio_all)
    timer_init                               0x080066ed   Thumb Code    32  timer.o(i.timer_init)
    uart_init                                0x0800670d   Thumb Code     8  uart.o(i.uart_init)
    uart_puts                                0x08006715   Thumb Code    14  uart.o(i.uart_puts)
    udelay                                   0x08006729   Thumb Code   124  systick.o(i.udelay)
    usb_vcom_handler                         0x080067b1   Thumb Code    94  main.o(i.usb_vcom_handler)
    watchdog_reset                           0x0800682d   Thumb Code    12  watchdog.o(i.watchdog_reset)
    Virtual_Com_Port_DeviceDescriptor        0x08006934   Data          18  usb_desc.o(.constdata)
    Virtual_Com_Port_ConfigDescriptor        0x08006946   Data          67  usb_desc.o(.constdata)
    Virtual_Com_Port_StringLangID            0x08006989   Data           4  usb_desc.o(.constdata)
    Virtual_Com_Port_StringVendor            0x0800698d   Data          24  usb_desc.o(.constdata)
    Virtual_Com_Port_StringProduct           0x080069a5   Data          38  usb_desc.o(.constdata)
    __ctype_table                            0x080069cb   Data         129  ctype_o.o(.constdata)
    Region$$Table$$Base                      0x08006d84   Number         0  anon$$obj.o(Region$$Table)
    Load$$RW_IRAM1$$Base                     0x08006da4   Number         0  anon$$obj.o ABSOLUTE
    Region$$Table$$Limit                     0x08006da4   Number         0  anon$$obj.o(Region$$Table)
    Image$$RW_IRAM1$$Base                    0x20000000   Number         0  anon$$obj.o ABSOLUTE
    usb_recv_buf_index                       0x20000000   Data           4  main.o(.data)
    io_type                                  0x20000004   Data           4  main.o(.data)
    flash_base                               0x20000008   Data           4  main.o(.data)
    flash_size                               0x2000000c   Data           4  main.o(.data)
    ram_base                                 0x20000010   Data           4  main.o(.data)
    ram_size                                 0x20000014   Data           4  main.o(.data)
    flash_load_base                          0x20000018   Data           4  main.o(.data)
    flash_image_base                         0x2000001c   Data           4  main.o(.data)
    flash_image_size                         0x20000020   Data           4  main.o(.data)
    ram_load_base                            0x20000024   Data           4  main.o(.data)
    ram_image_base                           0x20000028   Data           4  main.o(.data)
    ram_image_size                           0x2000002c   Data           4  main.o(.data)
    bss_image_base                           0x20000030   Data           4  main.o(.data)
    bss_image_size                           0x20000034   Data           4  main.o(.data)
    sys_banner                               0x20000038   Data          57  main.o(.data)
    g_flag                                   0x20000074   Data           4  main.o(.data)
    default_log_level                        0x2000007c   Data           4  log.o(.data)
    uart_work_mode                           0x20000080   Data           4  uart.o(.data)
    uart_recv_buf_index                      0x20000084   Data           4  uart.o(.data)
    shell_cmd                                0x20000090   Data           4  shell.o(.data)
    argc                                     0x20000094   Data           4  shell.o(.data)
    ci                                       0x20000098   Data         156  shell.o(.data)
    gi                                       0x20000134   Data         960  shell.o(.data)
    time                                     0x200004f8   Data           8  timer.o(.data)
    ds18b20_id                               0x20000504   Data           8  ds18b20.o(.data)
    AC1                                      0x20000510   Data           2  bmp180.o(.data)
    AC2                                      0x20000512   Data           2  bmp180.o(.data)
    AC3                                      0x20000514   Data           2  bmp180.o(.data)
    AC4                                      0x20000516   Data           2  bmp180.o(.data)
    AC5                                      0x20000518   Data           2  bmp180.o(.data)
    AC6                                      0x2000051a   Data           2  bmp180.o(.data)
    B1                                       0x2000051c   Data           2  bmp180.o(.data)
    B2                                       0x2000051e   Data           2  bmp180.o(.data)
    MB                                       0x20000520   Data           2  bmp180.o(.data)
    MC                                       0x20000522   Data           2  bmp180.o(.data)
    MD                                       0x20000524   Data           2  bmp180.o(.data)
    BMP180_ID                                0x20000526   Data           1  bmp180.o(.data)
    True_Temp                                0x20000528   Data           4  bmp180.o(.data)
    True_Press                               0x2000052c   Data           4  bmp180.o(.data)
    True_Press_1                             0x20000530   Data           4  bmp180.o(.data)
    True_Altitude                            0x20000534   Data           4  bmp180.o(.data)
    systick                                  0x20000538   Data           8  systick.o(.data)
    sub_ci                                   0x20000544   Data          12  systest.o(.data)
    StatusInfo                               0x20000550   Data           2  usb_core.o(.data)
    Data_Mul_MaxPacketSize                   0x20000552   Data           1  usb_core.o(.data)
    EPindex                                  0x20000554   Data           1  usb_init.o(.data)
    pInformation                             0x20000558   Data           4  usb_init.o(.data)
    pProperty                                0x2000055c   Data           4  usb_init.o(.data)
    SaveState                                0x20000560   Data           2  usb_init.o(.data)
    wInterrupt_Mask                          0x20000562   Data           2  usb_init.o(.data)
    pUser_Standard_Requests                  0x20000564   Data           4  usb_init.o(.data)
    SaveRState                               0x20000568   Data           2  usb_int.o(.data)
    SaveTState                               0x2000056a   Data           2  usb_int.o(.data)
    HSEStartUpStatus                         0x2000056c   Data           1  hw_config.o(.data)
    EXTI_InitStructure                       0x20000570   Data           8  hw_config.o(.data)
    Virtual_Com_Port_StringSerial            0x20000578   Data          38  usb_desc.o(.data)
    wIstr                                    0x200005a8   Data           2  usb_istr.o(.data)
    bIntPackSOF                              0x200005aa   Data           1  usb_istr.o(.data)
    esof_counter                             0x200005ac   Data           4  usb_istr.o(.data)
    wCNTR                                    0x200005b0   Data           4  usb_istr.o(.data)
    pEpInt_IN                                0x200005b4   Data          28  usb_istr.o(.data)
    pEpInt_OUT                               0x200005d0   Data          28  usb_istr.o(.data)
    Request                                  0x200005ec   Data           1  usb_prop.o(.data)
    linecoding                               0x200005f0   Data           8  usb_prop.o(.data)
    Device_Table                             0x200005f8   Data           2  usb_prop.o(.data)
    Device_Property                          0x200005fc   Data          48  usb_prop.o(.data)
    User_Standard_Requests                   0x2000062c   Data          36  usb_prop.o(.data)
    Device_Descriptor                        0x20000650   Data           8  usb_prop.o(.data)
    Config_Descriptor                        0x20000658   Data           8  usb_prop.o(.data)
    String_Descriptor                        0x20000660   Data          32  usb_prop.o(.data)
    bDeviceState                             0x20000680   Data           4  usb_pwr.o(.data)
    fSuspendEnabled                          0x20000684   Data           1  usb_pwr.o(.data)
    ResumeS                                  0x20000685   Data           2  usb_pwr.o(.data)
    remotewakeupon                           0x20000688   Data           4  usb_pwr.o(.data)
    SystemCoreClock                          0x200006a0   Data           4  system_stm32f10x.o(.data)
    AHBPrescTable                            0x200006a4   Data          16  system_stm32f10x.o(.data)
    __stdout                                 0x200006b4   Data           4  stdout.o(.data)
    usb_recv_buf                             0x200006bc   Data         256  main.o(.bss)
    uart_recv_buf                            0x200007bc   Data         256  uart.o(.bss)
    argv                                     0x200008bc   Data         128  shell.o(.bss)
    Device_Info                              0x20000d3c   Data          28  usb_init.o(.bss)
    USART_InitStructure                      0x20000d58   Data          16  hw_config.o(.bss)
    EP                                       0x20001808   Data          32  usb_pwr.o(.bss)
    __initial_sp                             0x20001c28   Data           0  startup_stm32f10x_md.o(STACK)



==============================================================================

Memory Map of the image

  Image Entry point : 0x080000ed

  Load Region LR_IROM1 (Base: 0x08000000, Size: 0x00007460, Max: 0x00010000, ABSOLUTE, COMPRESSED[0x00007090])

    Execution Region ER_IROM1 (Base: 0x08000000, Size: 0x00006da4, Max: 0x00010000, ABSOLUTE)

    Base Addr    Size         Type   Attr      Idx    E Section Name        Object

    0x08000000   0x000000ec   Data   RO         4135    RESET               startup_stm32f10x_md.o
    0x080000ec   0x00000000   Code   RO         4186  * .ARM.Collect$$$$00000000  mc_w.l(entry.o)
    0x080000ec   0x00000004   Code   RO         4474    .ARM.Collect$$$$00000001  mc_w.l(entry2.o)
    0x080000f0   0x00000004   Code   RO         4477    .ARM.Collect$$$$00000004  mc_w.l(entry5.o)
    0x080000f4   0x00000000   Code   RO         4479    .ARM.Collect$$$$00000008  mc_w.l(entry7b.o)
    0x080000f4   0x00000000   Code   RO         4481    .ARM.Collect$$$$0000000A  mc_w.l(entry8b.o)
    0x080000f4   0x00000008   Code   RO         4482    .ARM.Collect$$$$0000000B  mc_w.l(entry9a.o)
    0x080000fc   0x00000000   Code   RO         4484    .ARM.Collect$$$$0000000D  mc_w.l(entry10a.o)
    0x080000fc   0x00000000   Code   RO         4486    .ARM.Collect$$$$0000000F  mc_w.l(entry11a.o)
    0x080000fc   0x00000004   Code   RO         4475    .ARM.Collect$$$$00002712  mc_w.l(entry2.o)
    0x08000100   0x0000005c   Code   RO         4136    .text               startup_stm32f10x_md.o
    0x0800015c   0x00000062   Code   RO         4189    .text               mc_w.l(uldiv.o)
    0x080001be   0x00000024   Code   RO         4193    .text               mc_w.l(memseta.o)
    0x080001e2   0x0000000e   Code   RO         4195    .text               mc_w.l(strlen.o)
    0x080001f0   0x0000001c   Code   RO         4197    .text               mc_w.l(strcmp.o)
    0x0800020c   0x00000072   Code   RO         4462    .text               mc_w.l(strtoul.o)
    0x0800027e   0x000000e4   Code   RO         4464    .text               mf_w.l(dmul.o)
    0x08000362   0x000000de   Code   RO         4466    .text               mf_w.l(ddiv.o)
    0x08000440   0x00000022   Code   RO         4468    .text               mf_w.l(dflti.o)
    0x08000462   0x0000003e   Code   RO         4470    .text               mf_w.l(dfixi.o)
    0x080004a0   0x0000001e   Code   RO         4491    .text               mc_w.l(llshl.o)
    0x080004be   0x00000020   Code   RO         4493    .text               mc_w.l(llushr.o)
    0x080004de   0x00000002   PAD
    0x080004e0   0x00000008   Code   RO         4495    .text               mc_w.l(ctype_o.o)
    0x080004e8   0x0000009e   Code   RO         4530    .text               mc_w.l(_strtoul.o)
    0x08000586   0x00000000   Code   RO         4532    .text               mc_w.l(iusefp.o)
    0x08000586   0x000000ba   Code   RO         4535    .text               mf_w.l(depilogue.o)
    0x08000640   0x00000024   Code   RO         4543    .text               mc_w.l(init.o)
    0x08000664   0x0000001c   Code   RO         4547    .text               mc_w.l(_chval.o)
    0x08000680   0x0000005e   Code   RO         4557    .text               mc_w.l(__dclz77c.o)
    0x080006de   0x00000002   PAD
    0x080006e0   0x00000050   Code   RO          659    i.ADVANCE_TIM_Mode_Config  timer.o
    0x08000730   0x0000002a   Code   RO          660    i.ADVANCE_TIM_NVIC_Config  timer.o
    0x0800075a   0x0000003a   Code   RO          911    i.BMP180_ReadOneByte  bmp180.o
    0x08000794   0x00000054   Code   RO          912    i.BMP180_ReadTwoByte  bmp180.o
    0x080007e8   0x0000000c   Code   RO         1655    i.ByteSwap          usb_regs.o
    0x080007f4   0x00000288   Code   RO         1584    i.CTR_LP            usb_int.o
    0x08000a7c   0x00000034   Code   RO         1656    i.ClearDTOG_RX      usb_regs.o
    0x08000ab0   0x00000034   Code   RO         1657    i.ClearDTOG_TX      usb_regs.o
    0x08000ae4   0x00000028   Code   RO         1662    i.Clear_Status_Out  usb_regs.o
    0x08000b0c   0x000001e0   Code   RO          913    i.Convert_UncompensatedToTrue  bmp180.o
    0x08000cec   0x0000002c   Code   RO          714    i.DHT11_GPIO_Config  dht11.o
    0x08000d18   0x00000014   Code   RO          715    i.DHT11_Init        dht11.o
    0x08000d2c   0x0000001c   Code   RO          716    i.DHT11_Mode_IPU    dht11.o
    0x08000d48   0x00000024   Code   RO          717    i.DHT11_Mode_Out_PP  dht11.o
    0x08000d6c   0x00000060   Code   RO          718    i.DHT11_ReadByte    dht11.o
    0x08000dcc   0x000000a0   Code   RO          719    i.DHT11_Read_TempAndHumidity  dht11.o
    0x08000e6c   0x0000002c   Code   RO          771    i.DS18B20_GPIO_Config  ds18b20.o
    0x08000e98   0x00000078   Code   RO          772    i.DS18B20_GetTemp   ds18b20.o
    0x08000f10   0x0000009c   Code   RO          775    i.DS18B20_Init      ds18b20.o
    0x08000fac   0x00000012   Code   RO          776    i.DS18B20_MatchRom  ds18b20.o
    0x08000fbe   0x00000002   PAD
    0x08000fc0   0x0000001c   Code   RO          777    i.DS18B20_Mode_IPU  ds18b20.o
    0x08000fdc   0x00000024   Code   RO          778    i.DS18B20_Mode_Out_PP  ds18b20.o
    0x08001000   0x00000058   Code   RO          779    i.DS18B20_Presence  ds18b20.o
    0x08001058   0x00000040   Code   RO          780    i.DS18B20_ReadBit   ds18b20.o
    0x08001098   0x00000022   Code   RO          781    i.DS18B20_ReadByte  ds18b20.o
    0x080010ba   0x0000001e   Code   RO          782    i.DS18B20_ReadId    ds18b20.o
    0x080010d8   0x0000002c   Code   RO          783    i.DS18B20_Rst       ds18b20.o
    0x08001104   0x0000005c   Code   RO          785    i.DS18B20_WriteByte  ds18b20.o
    0x08001160   0x000000c0   Code   RO         1387    i.DataStageIn       usb_core.o
    0x08001220   0x000000bc   Code   RO         1388    i.DataStageOut      usb_core.o
    0x080012dc   0x00000298   Code   RO         1389    i.Data_Setup0       usb_core.o
    0x08001574   0x00000050   Code   RO         2247    i.EP1_IN_Callback   usb_endp.o
    0x080015c4   0x00000020   Code   RO         2248    i.EP3_OUT_Callback  usb_endp.o
    0x080015e4   0x0000000c   Code   RO         2741    i.EXTI_ClearITPendingBit  stm32f10x_exti.o
    0x080015f0   0x00000094   Code   RO         2746    i.EXTI_Init         stm32f10x_exti.o
    0x08001684   0x0000000c   Code   RO         2806    i.FLASH_ClearFlag   stm32f10x_flash.o
    0x08001690   0x0000004c   Code   RO         2811    i.FLASH_ErasePage   stm32f10x_flash.o
    0x080016dc   0x00000034   Code   RO         2812    i.FLASH_GetBank1Status  stm32f10x_flash.o
    0x08001710   0x00000014   Code   RO         2821    i.FLASH_Lock        stm32f10x_flash.o
    0x08001724   0x0000006c   Code   RO         2826    i.FLASH_ProgramWord  stm32f10x_flash.o
    0x08001790   0x00000018   Code   RO         2829    i.FLASH_Unlock      stm32f10x_flash.o
    0x080017a8   0x00000026   Code   RO         2833    i.FLASH_WaitForLastOperation  stm32f10x_flash.o
    0x080017ce   0x00000116   Code   RO         2998    i.GPIO_Init         stm32f10x_gpio.o
    0x080018e4   0x00000012   Code   RO         3002    i.GPIO_ReadInputDataBit  stm32f10x_gpio.o
    0x080018f6   0x00000004   Code   RO         3005    i.GPIO_ResetBits    stm32f10x_gpio.o
    0x080018fa   0x00000004   Code   RO         3006    i.GPIO_SetBits      stm32f10x_gpio.o
    0x080018fe   0x00000002   PAD
    0x08001900   0x00000020   Code   RO         1674    i.GetEPRxAddr       usb_regs.o
    0x08001920   0x00000024   Code   RO         1675    i.GetEPRxCount      usb_regs.o
    0x08001944   0x00000020   Code   RO         1677    i.GetEPTxAddr       usb_regs.o
    0x08001964   0x00000044   Code   RO          914    i.Get_BMP180UP      bmp180.o
    0x080019a8   0x00000040   Code   RO          915    i.Get_BMP180UT      bmp180.o
    0x080019e8   0x00000034   Code   RO         2064    i.Get_SerialNum     hw_config.o
    0x08001a1c   0x00000030   Code   RO          917    i.IIC_PortInit      bmp180.o
    0x08001a4c   0x00000030   Code   RO         1113    i.IIC_PortInit      gt911.o
    0x08001a7c   0x00000058   Code   RO          918    i.IIC_ReadByte      bmp180.o
    0x08001ad4   0x0000005c   Code   RO         1114    i.IIC_ReadByte      gt911.o
    0x08001b30   0x00000040   Code   RO          919    i.IIC_ReceiveACK    bmp180.o
    0x08001b70   0x00000044   Code   RO         1115    i.IIC_ReceiveACK    gt911.o
    0x08001bb4   0x0000002c   Code   RO         1116    i.IIC_SDAIntput     gt911.o
    0x08001be0   0x0000002c   Code   RO         1117    i.IIC_SDAOutput     gt911.o
    0x08001c0c   0x00000040   Code   RO          920    i.IIC_SendACK       bmp180.o
    0x08001c4c   0x0000004c   Code   RO         1118    i.IIC_SendACK       gt911.o
    0x08001c98   0x00000098   Code   RO          921    i.IIC_SendByte      bmp180.o
    0x08001d30   0x0000009c   Code   RO         1119    i.IIC_SendByte      gt911.o
    0x08001dcc   0x00000034   Code   RO          923    i.IIC_Start         bmp180.o
    0x08001e00   0x00000038   Code   RO         1121    i.IIC_Start         gt911.o
    0x08001e38   0x00000034   Code   RO          924    i.IIC_Stop          bmp180.o
    0x08001e6c   0x00000038   Code   RO         1122    i.IIC_Stop          gt911.o
    0x08001ea4   0x00000024   Code   RO          424    i.IWDG_Config       watchdog.o
    0x08001ec8   0x00000010   Code   RO         3118    i.IWDG_Enable       stm32f10x_iwdg.o
    0x08001ed8   0x00000010   Code   RO         3120    i.IWDG_ReloadCounter  stm32f10x_iwdg.o
    0x08001ee8   0x0000000c   Code   RO         3121    i.IWDG_SetPrescaler  stm32f10x_iwdg.o
    0x08001ef4   0x0000000c   Code   RO         3122    i.IWDG_SetReload    stm32f10x_iwdg.o
    0x08001f00   0x0000000c   Code   RO         3123    i.IWDG_WriteAccessCmd  stm32f10x_iwdg.o
    0x08001f0c   0x00000070   Code   RO         1390    i.In0_Process       usb_core.o
    0x08001f7c   0x0000003e   Code   RO         2065    i.IntToUnicode      hw_config.o
    0x08001fba   0x00000002   PAD
    0x08001fbc   0x00000020   Code   RO         2066    i.Leave_LowPowerMode  hw_config.o
    0x08001fdc   0x00000002   Code   RO         1391    i.NOP_Process       usb_core.o
    0x08001fde   0x00000026   Code   RO          339    i.NVIC_Configuration  uart.o
    0x08002004   0x00000070   Code   RO         2608    i.NVIC_Init         misc.o
    0x08002074   0x00000014   Code   RO         2609    i.NVIC_PriorityGroupConfig  misc.o
    0x08002088   0x00000138   Code   RO         1392    i.NoData_Setup0     usb_core.o
    0x080021c0   0x00000050   Code   RO         1393    i.Out0_Process      usb_core.o
    0x08002210   0x00000028   Code   RO         1625    i.PMAToUserBufferCopy  usb_mem.o
    0x08002238   0x00000048   Code   RO         1394    i.Post0_Process     usb_core.o
    0x08002280   0x00000040   Code   RO         2473    i.PowerOn           usb_pwr.o
    0x080022c0   0x0000000e   Code   RO         2525    i.QUEUE_PacketCreate  queue.o
    0x080022ce   0x0000003c   Code   RO         2527    i.QUEUE_PacketIn    queue.o
    0x0800230a   0x0000003a   Code   RO         2529    i.QUEUE_PacketOut   queue.o
    0x08002344   0x00000020   Code   RO         3174    i.RCC_APB1PeriphClockCmd  stm32f10x_rcc.o
    0x08002364   0x00000020   Code   RO         3176    i.RCC_APB2PeriphClockCmd  stm32f10x_rcc.o
    0x08002384   0x000000d4   Code   RO         3184    i.RCC_GetClocksFreq  stm32f10x_rcc.o
    0x08002458   0x0000000c   Code   RO         3202    i.RCC_USBCLKConfig  stm32f10x_rcc.o
    0x08002464   0x00000214   Code   RO          925    i.Read_CalibrationData  bmp180.o
    0x08002678   0x000000d0   Code   RO         2474    i.Resume            usb_pwr.o
    0x08002748   0x00000024   Code   RO         2475    i.Resume_Init       usb_pwr.o
    0x0800276c   0x00000064   Code   RO         2249    i.SOF_Callback      usb_endp.o
    0x080027d0   0x00000010   Code   RO         1685    i.SetBTABLE         usb_regs.o
    0x080027e0   0x00000050   Code   RO         1395    i.SetDeviceAddress  usb_core.o
    0x08002830   0x00000024   Code   RO         1699    i.SetEPRxAddr       usb_regs.o
    0x08002854   0x0000004c   Code   RO         1700    i.SetEPRxCount      usb_regs.o
    0x080028a0   0x00000040   Code   RO         1701    i.SetEPRxStatus     usb_regs.o
    0x080028e0   0x00000034   Code   RO         1702    i.SetEPRxValid      usb_regs.o
    0x08002914   0x00000020   Code   RO         1703    i.SetEPTxAddr       usb_regs.o
    0x08002934   0x0000001c   Code   RO         1704    i.SetEPTxCount      usb_regs.o
    0x08002950   0x00000040   Code   RO         1705    i.SetEPTxStatus     usb_regs.o
    0x08002990   0x00000034   Code   RO         1706    i.SetEPTxValid      usb_regs.o
    0x080029c4   0x00000024   Code   RO         1707    i.SetEPType         usb_regs.o
    0x080029e8   0x00000008   Code   RO         4143    i.SetSysClock       system_stm32f10x.o
    0x080029f0   0x000000e0   Code   RO         4144    i.SetSysClockTo72   system_stm32f10x.o
    0x08002ad0   0x00000078   Code   RO         2067    i.Set_System        hw_config.o
    0x08002b48   0x00000012   Code   RO         2068    i.Set_USBClock      hw_config.o
    0x08002b5a   0x00000002   PAD
    0x08002b5c   0x000000b8   Code   RO         1396    i.Setup0_Process    usb_core.o
    0x08002c14   0x0000016c   Code   RO         1397    i.Standard_ClearFeature  usb_core.o
    0x08002d80   0x0000002c   Code   RO         1398    i.Standard_GetConfiguration  usb_core.o
    0x08002dac   0x00000024   Code   RO         1399    i.Standard_GetDescriptorData  usb_core.o
    0x08002dd0   0x0000002c   Code   RO         1400    i.Standard_GetInterface  usb_core.o
    0x08002dfc   0x00000100   Code   RO         1401    i.Standard_GetStatus  usb_core.o
    0x08002efc   0x00000048   Code   RO         1402    i.Standard_SetConfiguration  usb_core.o
    0x08002f44   0x00000028   Code   RO         1403    i.Standard_SetDeviceFeature  usb_core.o
    0x08002f6c   0x000000d0   Code   RO         1404    i.Standard_SetEndPointFeature  usb_core.o
    0x0800303c   0x0000006c   Code   RO         1405    i.Standard_SetInterface  usb_core.o
    0x080030a8   0x00000104   Code   RO         2476    i.Suspend           usb_pwr.o
    0x080031ac   0x00000020   Code   RO         1053    i.SysTick_Handler   systick.o
    0x080031cc   0x000000a0   Code   RO         1054    i.SysTick_Init      systick.o
    0x0800326c   0x00000060   Code   RO         4146    i.SystemInit        system_stm32f10x.o
    0x080032cc   0x0000006c   Code   RO          661    i.TIM1_UP_IRQHandler  timer.o
    0x08003338   0x00000006   Code   RO         3394    i.TIM_ClearFlag     stm32f10x_tim.o
    0x0800333e   0x00000006   Code   RO         3395    i.TIM_ClearITPendingBit  stm32f10x_tim.o
    0x08003344   0x00000018   Code   RO         3400    i.TIM_Cmd           stm32f10x_tim.o
    0x0800335c   0x00000022   Code   RO         3421    i.TIM_GetITStatus   stm32f10x_tim.o
    0x0800337e   0x00000012   Code   RO         3425    i.TIM_ITConfig      stm32f10x_tim.o
    0x08003390   0x000000a4   Code   RO         3471    i.TIM_TimeBaseInit  stm32f10x_tim.o
    0x08003434   0x000001a0   Code   RO          340    i.USART2_IRQHandler  uart.o
    0x080035d4   0x00000018   Code   RO         3948    i.USART_Cmd         stm32f10x_usart.o
    0x080035ec   0x0000008c   Code   RO          341    i.USART_Config      uart.o
    0x08003678   0x0000001a   Code   RO         3951    i.USART_GetFlagStatus  stm32f10x_usart.o
    0x08003692   0x0000004a   Code   RO         3954    i.USART_ITConfig    stm32f10x_usart.o
    0x080036dc   0x000000d8   Code   RO         3955    i.USART_Init        stm32f10x_usart.o
    0x080037b4   0x0000000a   Code   RO         3962    i.USART_ReceiveData  stm32f10x_usart.o
    0x080037be   0x00000008   Code   RO         3965    i.USART_SendData    stm32f10x_usart.o
    0x080037c6   0x0000000c   Code   RO         2323    i.USBWakeUp_IRQHandler  usb_it.o
    0x080037d2   0x00000002   Code   RO         2069    i.USB_Cable_Config  hw_config.o
    0x080037d4   0x00000014   Code   RO         2070    i.USB_Config        hw_config.o
    0x080037e8   0x0000003c   Code   RO         1548    i.USB_Init          usb_init.o
    0x08003824   0x00000034   Code   RO         2071    i.USB_Interrupts_Config  hw_config.o
    0x08003858   0x000001d0   Code   RO         2293    i.USB_Istr          usb_istr.o
    0x08003a28   0x00000008   Code   RO         2324    i.USB_LP_CAN1_RX0_IRQHandler  usb_it.o
    0x08003a30   0x00000018   Code   RO         2072    i.USB_RxRead        hw_config.o
    0x08003a48   0x00000018   Code   RO         2073    i.USB_RxWrite       hw_config.o
    0x08003a60   0x00000024   Code   RO         2027    i.USB_SIL_Init      usb_sil.o
    0x08003a84   0x0000002e   Code   RO         2028    i.USB_SIL_Read      usb_sil.o
    0x08003ab2   0x00000002   PAD
    0x08003ab4   0x00000018   Code   RO         2074    i.USB_TxRead        hw_config.o
    0x08003acc   0x00000018   Code   RO         2075    i.USB_TxWrite       hw_config.o
    0x08003ae4   0x00000038   Code   RO          342    i.Usart_SendByte    uart.o
    0x08003b1c   0x0000002a   Code   RO          344    i.Usart_SendString  uart.o
    0x08003b46   0x00000002   PAD
    0x08003b48   0x00000038   Code   RO         1626    i.UserToPMABufferCopy  usb_mem.o
    0x08003b80   0x00000064   Code   RO         2359    i.Virtual_Com_Port_Data_Setup  usb_prop.o
    0x08003be4   0x00000014   Code   RO         2360    i.Virtual_Com_Port_GetConfigDescriptor  usb_prop.o
    0x08003bf8   0x00000014   Code   RO         2361    i.Virtual_Com_Port_GetDeviceDescriptor  usb_prop.o
    0x08003c0c   0x0000001c   Code   RO         2362    i.Virtual_Com_Port_GetLineCoding  usb_prop.o
    0x08003c28   0x00000028   Code   RO         2363    i.Virtual_Com_Port_GetStringDescriptor  usb_prop.o
    0x08003c50   0x00000016   Code   RO         2364    i.Virtual_Com_Port_Get_Interface_Setting  usb_prop.o
    0x08003c66   0x00000002   PAD
    0x08003c68   0x00000028   Code   RO         2365    i.Virtual_Com_Port_NoData_Setup  usb_prop.o
    0x08003c90   0x000000e8   Code   RO         2366    i.Virtual_Com_Port_Reset  usb_prop.o
    0x08003d78   0x00000018   Code   RO         2367    i.Virtual_Com_Port_SetConfiguration  usb_prop.o
    0x08003d90   0x0000000c   Code   RO         2368    i.Virtual_Com_Port_SetDeviceAddress  usb_prop.o
    0x08003d9c   0x0000001c   Code   RO         2369    i.Virtual_Com_Port_SetLineCoding  usb_prop.o
    0x08003db8   0x00000014   Code   RO         2370    i.Virtual_Com_Port_Status_In  usb_prop.o
    0x08003dcc   0x00000002   Code   RO         2371    i.Virtual_Com_Port_Status_Out  usb_prop.o
    0x08003dce   0x00000002   PAD
    0x08003dd0   0x00000028   Code   RO         2372    i.Virtual_Com_Port_init  usb_prop.o
    0x08003df8   0x00000022   Code   RO          926    i.Write_OneByteToBMP180  bmp180.o
    0x08003e1a   0x00000002   PAD
    0x08003e1c   0x00000020   Code   RO         4408    i.__0printf$8       mc_w.l(printf8.o)
    0x08003e3c   0x0000002c   Code   RO          175    i.__BusFault_Handler  int.o
    0x08003e68   0x00000028   Code   RO          176    i.__DebugMon_Handler  int.o
    0x08003e90   0x00000390   Code   RO          177    i.__HardFault_Handler  int.o
    0x08004220   0x0000002c   Code   RO          178    i.__MemManage_Handler  int.o
    0x0800424c   0x0000002c   Code   RO          179    i.__NMI_Handler     int.o
    0x08004278   0x0000002c   Code   RO          180    i.__UsageFault_Handler  int.o
    0x080042a4   0x00000008   Code   RO         4523    i.__aeabi_errno_addr  mc_w.l(errno.o)
    0x080042ac   0x00000040   Code   RO          245    i.__assert          common.o
    0x080042ec   0x00000004   Code   RO          181    i.__local_irq_disable  int.o
    0x080042f0   0x00000004   Code   RO          182    i.__local_irq_enable  int.o
    0x080042f4   0x0000000e   Code   RO         4551    i.__scatterload_copy  mc_w.l(handlers.o)
    0x08004302   0x00000002   Code   RO         4552    i.__scatterload_null  mc_w.l(handlers.o)
    0x08004304   0x0000000e   Code   RO         4553    i.__scatterload_zeroinit  mc_w.l(handlers.o)
    0x08004312   0x00000002   PAD
    0x08004314   0x00000410   Code   RO         4415    i._printf_core      mc_w.l(printf8.o)
    0x08004724   0x00000024   Code   RO         4416    i._printf_post_padding  mc_w.l(printf8.o)
    0x08004748   0x0000002e   Code   RO         4417    i._printf_pre_padding  mc_w.l(printf8.o)
    0x08004776   0x00000002   PAD
    0x08004778   0x00000098   Code   RO          929    i.bmp180_main       bmp180.o
    0x08004810   0x000000fc   Code   RO          460    i.cmd_boot          shell.o
    0x0800490c   0x0000007c   Code   RO          461    i.cmd_cksum         shell.o
    0x08004988   0x00000190   Code   RO          462    i.cmd_dumpb         shell.o
    0x08004b18   0x000000b8   Code   RO          463    i.cmd_dumpw         shell.o
    0x08004bd0   0x000000b4   Code   RO          464    i.cmd_exec          shell.o
    0x08004c84   0x00000074   Code   RO          465    i.cmd_find          shell.o
    0x08004cf8   0x000000a8   Code   RO          466    i.cmd_fmcpy         shell.o
    0x08004da0   0x00000100   Code   RO          467    i.cmd_fmset         shell.o
    0x08004ea0   0x00000190   Code   RO          468    i.cmd_gpio          shell.o
    0x08005030   0x00000048   Code   RO          469    i.cmd_help          shell.o
    0x08005078   0x00000058   Code   RO          470    i.cmd_read          shell.o
    0x080050d0   0x00000018   Code   RO          471    i.cmd_systest       shell.o
    0x080050e8   0x00000060   Code   RO          472    i.cmd_write         shell.o
    0x08005148   0x00000012   Code   RO          473    i.cook              shell.o
    0x0800515a   0x00000002   PAD
    0x0800515c   0x000000a4   Code   RO          720    i.dht11_main        dht11.o
    0x08005200   0x00000050   Code   RO          786    i.ds18b20_main      ds18b20.o
    0x08005250   0x0000010c   Code   RO            4    i.enter_subsystem   main.o
    0x0800535c   0x00000528   Code   RO          627    i.flash_write       flash.o
    0x08005884   0x0000004c   Code   RO            5    i.fputc             main.o
    0x080058d0   0x00000030   Code   RO          474    i.get_cmd_index     shell.o
    0x08005900   0x00000030   Code   RO         1207    i.get_cmd_index     systest.o
    0x08005930   0x00000040   Code   RO            6    i.get_sysconfig     main.o
    0x08005970   0x00000038   Code   RO         1056    i.get_systick       systick.o
    0x080059a8   0x0000000c   Code   RO          662    i.get_time          timer.o
    0x080059b4   0x0000003c   Code   RO          475    i.gi_get            shell.o
    0x080059f0   0x000000b0   Code   RO          273    i.gpio_init         gpio.o
    0x08005aa0   0x0000008c   Code   RO          274    i.gpio_read         gpio.o
    0x08005b2c   0x000000ac   Code   RO          275    i.gpio_write        gpio.o
    0x08005bd8   0x00000120   Code   RO         1123    i.gt911_main        gt911.o
    0x08005cf8   0x000000a4   Code   RO         1124    i.gt911_read_reg    gt911.o
    0x08005d9c   0x000000b8   Code   RO          881    i.hcsr04            hcsr04.o
    0x08005e54   0x0000000e   Code   RO          882    i.hcsr04_main       hcsr04.o
    0x08005e62   0x00000002   PAD
    0x08005e64   0x00000444   Code   RO            7    i.main              main.o
    0x080062a8   0x0000003c   Code   RO          663    i.mdelay            timer.o
    0x080062e4   0x0000006c   Code   RO          476    i.parse_cmd         shell.o
    0x08006350   0x00000044   Code   RO            8    i.print_chipid      main.o
    0x08006394   0x00000108   Code   RO          477    i.shell             shell.o
    0x0800649c   0x00000048   Code   RO         1208    i.sub_cmd_help      systest.o
    0x080064e4   0x00000068   Code   RO         1209    i.systest           systest.o
    0x0800654c   0x000001a0   Code   RO         1312    i.test_gpio_all     test_gpio.o
    0x080066ec   0x00000020   Code   RO          664    i.timer_init        timer.o
    0x0800670c   0x00000008   Code   RO          345    i.uart_init         uart.o
    0x08006714   0x00000014   Code   RO          347    i.uart_puts         uart.o
    0x08006728   0x00000088   Code   RO         1057    i.udelay            systick.o
    0x080067b0   0x0000007c   Code   RO            9    i.usb_vcom_handler  main.o
    0x0800682c   0x0000000c   Code   RO          426    i.watchdog_reset    watchdog.o
    0x08006838   0x00000071   Data   RO          183    .constdata          int.o
    0x080068a9   0x00000009   Data   RO          479    .constdata          shell.o
    0x080068b2   0x0000000c   Data   RO          629    .constdata          flash.o
    0x080068be   0x00000043   Data   RO          931    .constdata          bmp180.o
    0x08006901   0x0000000d   Data   RO         1058    .constdata          systick.o
    0x0800690e   0x00000018   Data   RO         1126    .constdata          gt911.o
    0x08006926   0x0000000e   Data   RO         1313    .constdata          test_gpio.o
    0x08006934   0x00000097   Data   RO         2207    .constdata          usb_desc.o
    0x080069cb   0x00000081   Data   RO         4496    .constdata          mc_w.l(ctype_o.o)
    0x08006a4c   0x00000004   Data   RO         4497    .constdata          mc_w.l(ctype_o.o)
    0x08006a50   0x0000032e   Data   RO          480    .conststring        shell.o
    0x08006d7e   0x00000002   PAD
    0x08006d80   0x00000001   Data   RO         1210    .conststring        systest.o
    0x08006d81   0x00000003   PAD
    0x08006d84   0x00000020   Data   RO         4549    Region$$Table       anon$$obj.o


    Execution Region RW_IRAM1 (Base: 0x20000000, Size: 0x00001c28, Max: 0x00005000, ABSOLUTE, COMPRESSED[0x000002ec])

    Base Addr    Size         Type   Attr      Idx    E Section Name        Object

    0x20000000   0x0000007c   Data   RW           11    .data               main.o
    0x2000007c   0x00000004   Data   RW          310    .data               log.o
    0x20000080   0x00000010   Data   RW          349    .data               uart.o
    0x20000090   0x00000464   Data   RW          481    .data               shell.o
    0x200004f4   0x00000004   PAD
    0x200004f8   0x00000008   Data   RW          665    .data               timer.o
    0x20000500   0x00000004   Data   RW          721    .data               dht11.o
    0x20000504   0x0000000c   Data   RW          787    .data               ds18b20.o
    0x20000510   0x00000028   Data   RW          932    .data               bmp180.o
    0x20000538   0x0000000c   Data   RW         1059    .data               systick.o
    0x20000544   0x0000000c   Data   RW         1211    .data               systest.o
    0x20000550   0x00000003   Data   RW         1406    .data               usb_core.o
    0x20000553   0x00000001   PAD
    0x20000554   0x00000014   Data   RW         1550    .data               usb_init.o
    0x20000568   0x00000004   Data   RW         1585    .data               usb_int.o
    0x2000056c   0x0000000c   Data   RW         2077    .data               hw_config.o
    0x20000578   0x00000026   Data   RW         2208    .data               usb_desc.o
    0x2000059e   0x00000002   PAD
    0x200005a0   0x00000008   Data   RW         2251    .data               usb_endp.o
    0x200005a8   0x00000044   Data   RW         2294    .data               usb_istr.o
    0x200005ec   0x00000094   Data   RW         2373    .data               usb_prop.o
    0x20000680   0x0000000c   Data   RW         2478    .data               usb_pwr.o
    0x2000068c   0x00000014   Data   RW         3204    .data               stm32f10x_rcc.o
    0x200006a0   0x00000014   Data   RW         4147    .data               system_stm32f10x.o
    0x200006b4   0x00000004   Data   RW         4488    .data               mc_w.l(stdout.o)
    0x200006b8   0x00000004   Data   RW         4526    .data               mc_w.l(errno.o)
    0x200006bc   0x00000100   Zero   RW           10    .bss                main.o
    0x200007bc   0x00000100   Zero   RW          348    .bss                uart.o
    0x200008bc   0x00000080   Zero   RW          478    .bss                shell.o
    0x2000093c   0x00000400   Zero   RW          628    .bss                flash.o
    0x20000d3c   0x0000001c   Zero   RW         1549    .bss                usb_init.o
    0x20000d58   0x00000a30   Zero   RW         2076    .bss                hw_config.o
    0x20001788   0x00000080   Zero   RW         2250    .bss                usb_endp.o
    0x20001808   0x00000020   Zero   RW         2477    .bss                usb_pwr.o
    0x20001828   0x00000400   Zero   RW         4133    STACK               startup_stm32f10x_md.o


==============================================================================

Image component sizes


      Code (inc. data)   RO Data    RW Data    ZI Data      Debug   Object Name

      1992        422         67         40          0      10135   bmp180.o
        64         26          0          0          0        603   common.o
       548        106          0          4          0       4111   dht11.o
       834        140          0         12          0       6742   ds18b20.o
      1320        336         12          0       1024       2466   flash.o
       488        146          0          0          0       1853   gpio.o
      1092        170         24          0          0       5926   gt911.o
       198         26          0          0          0       1115   hcsr04.o
       454         70          0         12       2608      11138   hw_config.o
      1136        484        113          0          0       4256   int.o
         0          0          0          4          0        204   log.o
      1692        754          0        124        256     267521   main.o
       132         22          0          0          0       1691   misc.o
       132          0          0          0          0       2628   queue.o
      2858        784        823       1124        128      40347   shell.o
        92         34        236          0       1024        816   startup_stm32f10x_md.o
       160         12          0          0          0       1649   stm32f10x_exti.o
       330         38          0          0          0       5644   stm32f10x_flash.o
       304          0          0          0          0       3852   stm32f10x_gpio.o
        68         30          0          0          0       2642   stm32f10x_iwdg.o
       288         38          0         20          0       5157   stm32f10x_rcc.o
       252         42          0          0          0       4370   stm32f10x_tim.o
       358          6          0          0          0       5641   stm32f10x_usart.o
       328         28          0         20          0       2165   system_stm32f10x.o
       224         60          1         12          0       2067   systest.o
       384         82         13         12          0      27797   systick.o
       416        122         14          0          0        848   test_gpio.o
       334         26          0          8          0       3113   timer.o
       720        188          0         16        256       4286   uart.o
      3058        288          0          3          0      16211   usb_core.o
         0          0        151         38          0       3727   usb_desc.o
       212         34          0          8        128       2108   usb_endp.o
        60         24          0         20         28       3862   usb_init.o
       648         32          0          4          0       1560   usb_int.o
       464         38          0         68          0       1503   usb_istr.o
        20          0          0          0          0        876   usb_it.o
        96         10          0          0          0       1564   usb_mem.o
       628        102          0        148          0      10869   usb_prop.o
       568         60          0         12         32       3528   usb_pwr.o
       712        100          0          0          0       8615   usb_regs.o
        82          8          0          0          0       1254   usb_sil.o
        48          0          0          0          0        935   watchdog.o

    ----------------------------------------------------------------------
     23816       4888       1491       1716       5484     487395   Object Totals
         0          0         32          0          0          0   (incl. Generated)
        22          0          5          7          0          0   (incl. Padding)

    ----------------------------------------------------------------------

      Code (inc. data)   RO Data    RW Data    ZI Data      Debug   Library Member Name

        94          0          0          0          0          0   __dclz77c.o
        28          0          0          0          0         68   _chval.o
       158          0          0          0          0         92   _strtoul.o
         8          4        133          0          0         68   ctype_o.o
         0          0          0          0          0          0   entry.o
         0          0          0          0          0          0   entry10a.o
         0          0          0          0          0          0   entry11a.o
         8          4          0          0          0          0   entry2.o
         4          0          0          0          0          0   entry5.o
         0          0          0          0          0          0   entry7b.o
         0          0          0          0          0          0   entry8b.o
         8          4          0          0          0          0   entry9a.o
         8          4          0          4          0         68   errno.o
        30          0          0          0          0          0   handlers.o
        36          8          0          0          0         68   init.o
         0          0          0          0          0          0   iusefp.o
        30          0          0          0          0         68   llshl.o
        32          0          0          0          0         68   llushr.o
        36          0          0          0          0        108   memseta.o
      1154         54          0          0          0        352   printf8.o
         0          0          0          4          0          0   stdout.o
        28          0          0          0          0         76   strcmp.o
        14          0          0          0          0         68   strlen.o
       114          0          0          0          0         92   strtoul.o
        98          0          0          0          0         92   uldiv.o
       222          0          0          0          0        100   ddiv.o
       186          0          0          0          0        176   depilogue.o
        62          0          0          0          0         80   dfixi.o
        34          0          0          0          0         76   dflti.o
       228          0          0          0          0         96   dmul.o

    ----------------------------------------------------------------------
      2628         78        133          8          0       1816   Library Totals
         8          0          0          0          0          0   (incl. Padding)

    ----------------------------------------------------------------------

      Code (inc. data)   RO Data    RW Data    ZI Data      Debug   Library Name

      1888         78        133          8          0       1288   mc_w.l
       732          0          0          0          0        528   mf_w.l

    ----------------------------------------------------------------------
      2628         78        133          8          0       1816   Library Totals

    ----------------------------------------------------------------------

==============================================================================


      Code (inc. data)   RO Data    RW Data    ZI Data      Debug   

     26444       4966       1624       1724       5484     476911   Grand Totals
     26444       4966       1624        748       5484     476911   ELF Image Totals (compressed)
     26444       4966       1624        748          0          0   ROM Totals

==============================================================================

    Total RO  Size (Code + RO Data)                28068 (  27.41kB)
    Total RW  Size (RW Data + ZI Data)              7208 (   7.04kB)
    Total ROM Size (Code + RO Data + RW Data)      28816 (  28.14kB)

==============================================================================

